#-----------------------------------------------------------
# Vivado v2021.1 (64-bit)
# SW Build 3247384 on Thu Jun 10 19:36:33 MDT 2021
# IP Build 3246043 on Fri Jun 11 00:30:35 MDT 2021
# Start of session at: Mon Aug 15 19:51:17 2022
# Process ID: 22328
# Current directory: D:/xvp/project_1.xpr/project_1
# Command line: vivado.exe -gui_launcher_event rodinguilauncherevent24448 D:\xvp\project_1.xpr\project_1\project_1.xpr
# Log file: D:/xvp/project_1.xpr/project_1/vivado.log
# Journal file: D:/xvp/project_1.xpr/project_1\vivado.jou
#-----------------------------------------------------------
start_gui
open_project D:/xvp/project_1.xpr/project_1/project_1.xpr
update_compile_order -fileset sources_1
launch_simulation
open_wave_config D:/xvp/project_1.xpr/project_1/project_1.srcs/sim_1/imports/ring_oscillator/ro_sensor_tb_behav.wcfg
source top_tb.tcl
run all
run all
open_hw_manager
connect_hw_server -url localhost:3121 -allow_non_jtag
current_hw_target [get_hw_targets */xilinx_tcf/Digilent/210249B072DF]
set_property PARAM.FREQUENCY 125000 [get_hw_targets */xilinx_tcf/Digilent/210249B072DF]
open_hw_target
current_hw_device [get_hw_devices xc7a100t_0]
refresh_hw_device -update_hw_probes false [lindex [get_hw_devices xc7a100t_0] 0]
launch_runs impl_1 -to_step write_bitstream -jobs 4
wait_on_run impl_1
set_property PROBES.FILE {D:/xvp/project_1.xpr/project_1/project_1.runs/impl_1/top.ltx} [get_hw_devices xc7a100t_0]
set_property FULL_PROBES.FILE {D:/xvp/project_1.xpr/project_1/project_1.runs/impl_1/top.ltx} [get_hw_devices xc7a100t_0]
set_property PROGRAM.FILE {D:/xvp/project_1.xpr/project_1/project_1.runs/impl_1/top.bit} [get_hw_devices xc7a100t_0]
program_hw_devices [get_hw_devices xc7a100t_0]
refresh_hw_device [lindex [get_hw_devices xc7a100t_0] 0]
display_hw_ila_data [ get_hw_ila_data hw_ila_data_1 -of_objects [get_hw_ilas -of_objects [get_hw_devices xc7a100t_0] -filter {CELL_NAME=~"ila"}]]
add_wave -into {hw_ila_data_1.wcfg} -radix hex { {debug_1} }
run_hw_ila [get_hw_ilas -of_objects [get_hw_devices xc7a100t_0] -filter {CELL_NAME=~"ila"}] -trigger_now
wait_on_hw_ila [get_hw_ilas -of_objects [get_hw_devices xc7a100t_0] -filter {CELL_NAME=~"ila"}]
display_hw_ila_data [upload_hw_ila_data [get_hw_ilas -of_objects [get_hw_devices xc7a100t_0] -filter {CELL_NAME=~"ila"}]]
run_hw_ila [get_hw_ilas -of_objects [get_hw_devices xc7a100t_0] -filter {CELL_NAME=~"ila"}] -trigger_now
wait_on_hw_ila [get_hw_ilas -of_objects [get_hw_devices xc7a100t_0] -filter {CELL_NAME=~"ila"}]
display_hw_ila_data [upload_hw_ila_data [get_hw_ilas -of_objects [get_hw_devices xc7a100t_0] -filter {CELL_NAME=~"ila"}]]
save_wave_config {D:/xvp/project_1.xpr/project_1/project_1.hw/hw_1/wave/hw_ila_data_1/hw_ila_data_1.wcfg}
close_hw_manager
open_hw_manager
connect_hw_server -url localhost:3121 -allow_non_jtag
current_hw_target [get_hw_targets */xilinx_tcf/Digilent/210249B072DF]
set_property PARAM.FREQUENCY 2000000 [get_hw_targets */xilinx_tcf/Digilent/210249B072DF]
open_hw_target
set_property PROGRAM.FILE {D:/xvp/project_1.xpr/project_1/project_1.runs/impl_1/top.bit} [get_hw_devices xc7a100t_0]
set_property PROBES.FILE {D:/xvp/project_1.xpr/project_1/project_1.runs/impl_1/top.ltx} [get_hw_devices xc7a100t_0]
set_property FULL_PROBES.FILE {D:/xvp/project_1.xpr/project_1/project_1.runs/impl_1/top.ltx} [get_hw_devices xc7a100t_0]
current_hw_device [get_hw_devices xc7a100t_0]
refresh_hw_device [lindex [get_hw_devices xc7a100t_0] 0]
display_hw_ila_data [ get_hw_ila_data hw_ila_data_1 -of_objects [get_hw_ilas -of_objects [get_hw_devices xc7a100t_0] -filter {CELL_NAME=~"ila"}]]
run_hw_ila [get_hw_ilas -of_objects [get_hw_devices xc7a100t_0] -filter {CELL_NAME=~"ila"}] -trigger_now
wait_on_hw_ila [get_hw_ilas -of_objects [get_hw_devices xc7a100t_0] -filter {CELL_NAME=~"ila"}]
display_hw_ila_data [upload_hw_ila_data [get_hw_ilas -of_objects [get_hw_devices xc7a100t_0] -filter {CELL_NAME=~"ila"}]]
set_property OUTPUT_VALUE 1 [get_hw_probes rst -of_objects [get_hw_vios -of_objects [get_hw_devices xc7a100t_0] -filter {CELL_NAME=~"vio"}]]
commit_hw_vio [get_hw_probes {rst} -of_objects [get_hw_vios -of_objects [get_hw_devices xc7a100t_0] -filter {CELL_NAME=~"vio"}]]
run_hw_ila [get_hw_ilas -of_objects [get_hw_devices xc7a100t_0] -filter {CELL_NAME=~"ila"}] -trigger_now
wait_on_hw_ila [get_hw_ilas -of_objects [get_hw_devices xc7a100t_0] -filter {CELL_NAME=~"ila"}]
display_hw_ila_data [upload_hw_ila_data [get_hw_ilas -of_objects [get_hw_devices xc7a100t_0] -filter {CELL_NAME=~"ila"}]]
run_hw_ila [get_hw_ilas -of_objects [get_hw_devices xc7a100t_0] -filter {CELL_NAME=~"ila"}] -trigger_now
wait_on_hw_ila [get_hw_ilas -of_objects [get_hw_devices xc7a100t_0] -filter {CELL_NAME=~"ila"}]
display_hw_ila_data [upload_hw_ila_data [get_hw_ilas -of_objects [get_hw_devices xc7a100t_0] -filter {CELL_NAME=~"ila"}]]
run_hw_ila [get_hw_ilas -of_objects [get_hw_devices xc7a100t_0] -filter {CELL_NAME=~"ila"}]
wait_on_hw_ila [get_hw_ilas -of_objects [get_hw_devices xc7a100t_0] -filter {CELL_NAME=~"ila"}]
display_hw_ila_data [upload_hw_ila_data [get_hw_ilas -of_objects [get_hw_devices xc7a100t_0] -filter {CELL_NAME=~"ila"}]]
add_wave -into {hw_ila_data_1.wcfg} -radix hex { {debug_1} }
run_hw_ila [get_hw_ilas -of_objects [get_hw_devices xc7a100t_0] -filter {CELL_NAME=~"ila"}] -trigger_now
wait_on_hw_ila [get_hw_ilas -of_objects [get_hw_devices xc7a100t_0] -filter {CELL_NAME=~"ila"}]
display_hw_ila_data [upload_hw_ila_data [get_hw_ilas -of_objects [get_hw_devices xc7a100t_0] -filter {CELL_NAME=~"ila"}]]
run_hw_ila [get_hw_ilas -of_objects [get_hw_devices xc7a100t_0] -filter {CELL_NAME=~"ila"}] -trigger_now
wait_on_hw_ila [get_hw_ilas -of_objects [get_hw_devices xc7a100t_0] -filter {CELL_NAME=~"ila"}]
display_hw_ila_data [upload_hw_ila_data [get_hw_ilas -of_objects [get_hw_devices xc7a100t_0] -filter {CELL_NAME=~"ila"}]]
run_hw_ila [get_hw_ilas -of_objects [get_hw_devices xc7a100t_0] -filter {CELL_NAME=~"ila"}] -trigger_now
wait_on_hw_ila [get_hw_ilas -of_objects [get_hw_devices xc7a100t_0] -filter {CELL_NAME=~"ila"}]
display_hw_ila_data [upload_hw_ila_data [get_hw_ilas -of_objects [get_hw_devices xc7a100t_0] -filter {CELL_NAME=~"ila"}]]
set_property OUTPUT_VALUE 0 [get_hw_probes rst -of_objects [get_hw_vios -of_objects [get_hw_devices xc7a100t_0] -filter {CELL_NAME=~"vio"}]]
commit_hw_vio [get_hw_probes {rst} -of_objects [get_hw_vios -of_objects [get_hw_devices xc7a100t_0] -filter {CELL_NAME=~"vio"}]]
run_hw_ila [get_hw_ilas -of_objects [get_hw_devices xc7a100t_0] -filter {CELL_NAME=~"ila"}] -trigger_now
wait_on_hw_ila [get_hw_ilas -of_objects [get_hw_devices xc7a100t_0] -filter {CELL_NAME=~"ila"}]
display_hw_ila_data [upload_hw_ila_data [get_hw_ilas -of_objects [get_hw_devices xc7a100t_0] -filter {CELL_NAME=~"ila"}]]
set_property OUTPUT_VALUE 1 [get_hw_probes rst -of_objects [get_hw_vios -of_objects [get_hw_devices xc7a100t_0] -filter {CELL_NAME=~"vio"}]]
commit_hw_vio [get_hw_probes {rst} -of_objects [get_hw_vios -of_objects [get_hw_devices xc7a100t_0] -filter {CELL_NAME=~"vio"}]]
set_property OUTPUT_VALUE 0 [get_hw_probes en -of_objects [get_hw_vios -of_objects [get_hw_devices xc7a100t_0] -filter {CELL_NAME=~"vio"}]]
commit_hw_vio [get_hw_probes {en} -of_objects [get_hw_vios -of_objects [get_hw_devices xc7a100t_0] -filter {CELL_NAME=~"vio"}]]
run_hw_ila [get_hw_ilas -of_objects [get_hw_devices xc7a100t_0] -filter {CELL_NAME=~"ila"}] -trigger_now
wait_on_hw_ila [get_hw_ilas -of_objects [get_hw_devices xc7a100t_0] -filter {CELL_NAME=~"ila"}]
display_hw_ila_data [upload_hw_ila_data [get_hw_ilas -of_objects [get_hw_devices xc7a100t_0] -filter {CELL_NAME=~"ila"}]]
set_property OUTPUT_VALUE 1 [get_hw_probes en -of_objects [get_hw_vios -of_objects [get_hw_devices xc7a100t_0] -filter {CELL_NAME=~"vio"}]]
commit_hw_vio [get_hw_probes {en} -of_objects [get_hw_vios -of_objects [get_hw_devices xc7a100t_0] -filter {CELL_NAME=~"vio"}]]
run_hw_ila [get_hw_ilas -of_objects [get_hw_devices xc7a100t_0] -filter {CELL_NAME=~"ila"}] -trigger_now
wait_on_hw_ila [get_hw_ilas -of_objects [get_hw_devices xc7a100t_0] -filter {CELL_NAME=~"ila"}]
display_hw_ila_data [upload_hw_ila_data [get_hw_ilas -of_objects [get_hw_devices xc7a100t_0] -filter {CELL_NAME=~"ila"}]]
run_hw_ila [get_hw_ilas -of_objects [get_hw_devices xc7a100t_0] -filter {CELL_NAME=~"ila"}] -trigger_now
wait_on_hw_ila [get_hw_ilas -of_objects [get_hw_devices xc7a100t_0] -filter {CELL_NAME=~"ila"}]
display_hw_ila_data [upload_hw_ila_data [get_hw_ilas -of_objects [get_hw_devices xc7a100t_0] -filter {CELL_NAME=~"ila"}]]
set_property OUTPUT_VALUE 0 [get_hw_probes en -of_objects [get_hw_vios -of_objects [get_hw_devices xc7a100t_0] -filter {CELL_NAME=~"vio"}]]
commit_hw_vio [get_hw_probes {en} -of_objects [get_hw_vios -of_objects [get_hw_devices xc7a100t_0] -filter {CELL_NAME=~"vio"}]]
set_property OUTPUT_VALUE 1 [get_hw_probes en -of_objects [get_hw_vios -of_objects [get_hw_devices xc7a100t_0] -filter {CELL_NAME=~"vio"}]]
commit_hw_vio [get_hw_probes {en} -of_objects [get_hw_vios -of_objects [get_hw_devices xc7a100t_0] -filter {CELL_NAME=~"vio"}]]
run_hw_ila [get_hw_ilas -of_objects [get_hw_devices xc7a100t_0] -filter {CELL_NAME=~"ila"}] -trigger_now
wait_on_hw_ila [get_hw_ilas -of_objects [get_hw_devices xc7a100t_0] -filter {CELL_NAME=~"ila"}]
display_hw_ila_data [upload_hw_ila_data [get_hw_ilas -of_objects [get_hw_devices xc7a100t_0] -filter {CELL_NAME=~"ila"}]]
set_property OUTPUT_VALUE 0 [get_hw_probes rst -of_objects [get_hw_vios -of_objects [get_hw_devices xc7a100t_0] -filter {CELL_NAME=~"vio"}]]
commit_hw_vio [get_hw_probes {rst} -of_objects [get_hw_vios -of_objects [get_hw_devices xc7a100t_0] -filter {CELL_NAME=~"vio"}]]
run_hw_ila [get_hw_ilas -of_objects [get_hw_devices xc7a100t_0] -filter {CELL_NAME=~"ila"}] -trigger_now
wait_on_hw_ila [get_hw_ilas -of_objects [get_hw_devices xc7a100t_0] -filter {CELL_NAME=~"ila"}]
display_hw_ila_data [upload_hw_ila_data [get_hw_ilas -of_objects [get_hw_devices xc7a100t_0] -filter {CELL_NAME=~"ila"}]]
run_hw_ila [get_hw_ilas -of_objects [get_hw_devices xc7a100t_0] -filter {CELL_NAME=~"ila"}] -trigger_now
wait_on_hw_ila [get_hw_ilas -of_objects [get_hw_devices xc7a100t_0] -filter {CELL_NAME=~"ila"}]
display_hw_ila_data [upload_hw_ila_data [get_hw_ilas -of_objects [get_hw_devices xc7a100t_0] -filter {CELL_NAME=~"ila"}]]
set_property OUTPUT_VALUE 0 [get_hw_probes en -of_objects [get_hw_vios -of_objects [get_hw_devices xc7a100t_0] -filter {CELL_NAME=~"vio"}]]
commit_hw_vio [get_hw_probes {en} -of_objects [get_hw_vios -of_objects [get_hw_devices xc7a100t_0] -filter {CELL_NAME=~"vio"}]]
set_property OUTPUT_VALUE 1 [get_hw_probes rst -of_objects [get_hw_vios -of_objects [get_hw_devices xc7a100t_0] -filter {CELL_NAME=~"vio"}]]
commit_hw_vio [get_hw_probes {rst} -of_objects [get_hw_vios -of_objects [get_hw_devices xc7a100t_0] -filter {CELL_NAME=~"vio"}]]
run_hw_ila [get_hw_ilas -of_objects [get_hw_devices xc7a100t_0] -filter {CELL_NAME=~"ila"}] -trigger_now
wait_on_hw_ila [get_hw_ilas -of_objects [get_hw_devices xc7a100t_0] -filter {CELL_NAME=~"ila"}]
display_hw_ila_data [upload_hw_ila_data [get_hw_ilas -of_objects [get_hw_devices xc7a100t_0] -filter {CELL_NAME=~"ila"}]]
startgroup 
set_property CONTROL.DATA_DEPTH 64 [get_hw_ilas -of_objects [get_hw_devices xc7a100t_0] -filter {CELL_NAME=~"ila"}]
set_property CONTROL.TRIGGER_POSITION 63 [get_hw_ilas -of_objects [get_hw_devices xc7a100t_0] -filter {CELL_NAME=~"ila"}]
set_property CONTROL.WINDOW_COUNT 10 [get_hw_ilas -of_objects [get_hw_devices xc7a100t_0] -filter {CELL_NAME=~"ila"}]
endgroup
run_hw_ila [get_hw_ilas -of_objects [get_hw_devices xc7a100t_0] -filter {CELL_NAME=~"ila"}] -trigger_now
wait_on_hw_ila [get_hw_ilas -of_objects [get_hw_devices xc7a100t_0] -filter {CELL_NAME=~"ila"}]
display_hw_ila_data [upload_hw_ila_data [get_hw_ilas -of_objects [get_hw_devices xc7a100t_0] -filter {CELL_NAME=~"ila"}]]
set_property OUTPUT_VALUE 1 [get_hw_probes en -of_objects [get_hw_vios -of_objects [get_hw_devices xc7a100t_0] -filter {CELL_NAME=~"vio"}]]
commit_hw_vio [get_hw_probes {en} -of_objects [get_hw_vios -of_objects [get_hw_devices xc7a100t_0] -filter {CELL_NAME=~"vio"}]]
run_hw_ila [get_hw_ilas -of_objects [get_hw_devices xc7a100t_0] -filter {CELL_NAME=~"ila"}] -trigger_now
wait_on_hw_ila [get_hw_ilas -of_objects [get_hw_devices xc7a100t_0] -filter {CELL_NAME=~"ila"}]
display_hw_ila_data [upload_hw_ila_data [get_hw_ilas -of_objects [get_hw_devices xc7a100t_0] -filter {CELL_NAME=~"ila"}]]
set_property OUTPUT_VALUE 0 [get_hw_probes rst -of_objects [get_hw_vios -of_objects [get_hw_devices xc7a100t_0] -filter {CELL_NAME=~"vio"}]]
commit_hw_vio [get_hw_probes {rst} -of_objects [get_hw_vios -of_objects [get_hw_devices xc7a100t_0] -filter {CELL_NAME=~"vio"}]]
run_hw_ila [get_hw_ilas -of_objects [get_hw_devices xc7a100t_0] -filter {CELL_NAME=~"ila"}] -trigger_now
wait_on_hw_ila [get_hw_ilas -of_objects [get_hw_devices xc7a100t_0] -filter {CELL_NAME=~"ila"}]
display_hw_ila_data [upload_hw_ila_data [get_hw_ilas -of_objects [get_hw_devices xc7a100t_0] -filter {CELL_NAME=~"ila"}]]
set_property OUTPUT_VALUE 1 [get_hw_probes rst -of_objects [get_hw_vios -of_objects [get_hw_devices xc7a100t_0] -filter {CELL_NAME=~"vio"}]]
commit_hw_vio [get_hw_probes {rst} -of_objects [get_hw_vios -of_objects [get_hw_devices xc7a100t_0] -filter {CELL_NAME=~"vio"}]]
set_property OUTPUT_VALUE 0 [get_hw_probes en -of_objects [get_hw_vios -of_objects [get_hw_devices xc7a100t_0] -filter {CELL_NAME=~"vio"}]]
commit_hw_vio [get_hw_probes {en} -of_objects [get_hw_vios -of_objects [get_hw_devices xc7a100t_0] -filter {CELL_NAME=~"vio"}]]
set_property OUTPUT_VALUE 1 [get_hw_probes en -of_objects [get_hw_vios -of_objects [get_hw_devices xc7a100t_0] -filter {CELL_NAME=~"vio"}]]
commit_hw_vio [get_hw_probes {en} -of_objects [get_hw_vios -of_objects [get_hw_devices xc7a100t_0] -filter {CELL_NAME=~"vio"}]]
startgroup 
set_property CONTROL.DATA_DEPTH 1024 [get_hw_ilas -of_objects [get_hw_devices xc7a100t_0] -filter {CELL_NAME=~"ila"}]
set_property CONTROL.WINDOW_COUNT 1 [get_hw_ilas -of_objects [get_hw_devices xc7a100t_0] -filter {CELL_NAME=~"ila"}]
endgroup
run_hw_ila [get_hw_ilas -of_objects [get_hw_devices xc7a100t_0] -filter {CELL_NAME=~"ila"}] -trigger_now
wait_on_hw_ila [get_hw_ilas -of_objects [get_hw_devices xc7a100t_0] -filter {CELL_NAME=~"ila"}]
display_hw_ila_data [upload_hw_ila_data [get_hw_ilas -of_objects [get_hw_devices xc7a100t_0] -filter {CELL_NAME=~"ila"}]]
set_property CONTROL.TRIGGER_POSITION 512 [get_hw_ilas -of_objects [get_hw_devices xc7a100t_0] -filter {CELL_NAME=~"ila"}]
run_hw_ila [get_hw_ilas -of_objects [get_hw_devices xc7a100t_0] -filter {CELL_NAME=~"ila"}] -trigger_now
wait_on_hw_ila [get_hw_ilas -of_objects [get_hw_devices xc7a100t_0] -filter {CELL_NAME=~"ila"}]
display_hw_ila_data [upload_hw_ila_data [get_hw_ilas -of_objects [get_hw_devices xc7a100t_0] -filter {CELL_NAME=~"ila"}]]
close_sim
